src/components/Mascot.tsx(68,34): error TS2345: Argument of type '{ transition: { repeat: number; duration: number; ease: string; }; }' is not assignable to parameter of type 'AnimationDefinition'.
  Types of property 'transition' are incompatible.
    Type '{ repeat: number; duration: number; ease: string; }' is not assignable to type 'Transition<any> | undefined'.
      Type '{ repeat: number; duration: number; ease: string; }' is not assignable to type 'TransitionWithValueOverrides<any>'.
        Type '{ repeat: number; duration: number; ease: string; }' is not assignable to type 'ValueAnimationTransition<any>'.
          Types of property 'ease' are incompatible.
            Type 'string' is not assignable to type 'Easing | Easing[] | undefined'.
